Microchip MPLAB XC8 Compiler V2.41

Linker command line:

-W-3 \
  --edf=C:/Users/C65471/.mchp_packs/Microchip/PIC16F1xxxx_DFP/1.18.352/xc8\pic\dat\20230322162823_en.msgs \
  -cn \
  -h+dist/default/production\pic16f18076-intro-to-sleep.X.production.sym \
  --cmf=dist/default/production\pic16f18076-intro-to-sleep.X.production.cmf \
  -z -Q16F18076 \
  -oC:\Users\C65471\AppData\Local\Temp\xcAs4pc.\driver_tmp_3.o \
  --defsym=__MPLAB_BUILD=1 --fixupoverflow=error \
  -Mdist/default/production/pic16f18076-intro-to-sleep.X.production.map \
  --md=C:\Users\C65471\AppData\Local\Temp\xcAs4pc.\driver_tmp_0.dat -E1 \
  -ver=XC8 Compiler --acfsm=1493 -ACODE=00h-07FFhx8 -ASTRCODE=00h-03FFFh \
  -ASTRING=00h-0FFhx64 -ACONST=00h-0FFhx64 -AENTRY=00h-0FFhx64 \
  -ACOMMON=070h-07Fh -ABANK0=020h-06Fh -ABANK1=0A0h-0EFh \
  -ABANK2=0120h-016Fh -ABANK3=01A0h-01EFh -ABANK4=0220h-026Fh \
  -ABANK5=02A0h-02EFh -ABANK6=0320h-036Fh -ABANK7=03A0h-03EFh \
  -ABANK8=0420h-046Fh -ABANK9=04A0h-04EFh -ABANK10=0520h-056Fh \
  -ABANK11=05A0h-05EFh -ABANK12=0620h-066Fh -ABANK13=06A0h-06EFh \
  -ABANK14=0720h-076Fh -ABANK15=07A0h-07EFh -ABANK16=0820h-086Fh \
  -ABANK17=08A0h-08EFh -ABANK18=0920h-096Fh -ABANK19=09A0h-09EFh \
  -ABANK20=0A20h-0A6Fh -ABANK21=0AA0h-0AEFh -ABANK22=0B20h-0B6Fh \
  -ABANK23=0BA0h-0BEFh -ABANK24=0C20h-0C6Fh -ABANK25=0CA0h-0CBFh \
  -ABIGRAM=02000h-027EFh \
  -ARAM=020h-06Fh,0A0h-0EFh,0120h-016Fh,01A0h-01EFh,0220h-026Fh,02A0h-02EFh,0320h-036Fh,03A0h-03EFh,0420h-046Fh,04A0h-04EFh,0520h-056Fh,05A0h-05EFh,0620h-066Fh,06A0h-06EFh,0720h-076Fh,07A0h-07EFh,0820h-086Fh,08A0h-08EFh,0920h-096Fh,09A0h-09EFh,0A20h-0A6Fh,0AA0h-0AEFh,0B20h-0B6Fh,0BA0h-0BEFh,0C20h-0C6Fh,0CA0h-0CBFh \
  -AABS1=020h-07Fh,0A0h-0EFh,0120h-016Fh,01A0h-01EFh,0220h-026Fh,02A0h-02EFh,0320h-036Fh,03A0h-03EFh,0420h-046Fh,04A0h-04EFh,0520h-056Fh,05A0h-05EFh,0620h-066Fh,06A0h-06EFh,0720h-076Fh,07A0h-07EFh,0820h-086Fh,08A0h-08EFh,0920h-096Fh,09A0h-09EFh,0A20h-0A6Fh,0AA0h-0AEFh,0B20h-0B6Fh,0BA0h-0BEFh,0C20h-0C6Fh,0CA0h-0CBFh \
  -ASFR0=00h-01Fh -ASFR1=080h-09Fh -ASFR2=0100h-011Fh -ASFR3=0180h-019Fh \
  -ASFR4=0200h-021Fh -ASFR5=0280h-029Fh -ASFR6=0300h-031Fh \
  -ASFR7=0380h-039Fh -ASFR8=0400h-041Fh -ASFR9=0480h-049Fh \
  -ASFR10=0500h-051Fh -ASFR11=0580h-059Fh -ASFR12=0600h-061Fh \
  -ASFR13=0680h-069Fh -ASFR14=0700h-071Fh -ASFR15=0780h-079Fh \
  -ASFR16=0800h-081Fh -ASFR17=0880h-089Fh -ASFR18=0900h-091Fh \
  -ASFR19=0980h-099Fh -ASFR20=0A00h-0A1Fh -ASFR21=0A80h-0A9Fh \
  -ASFR22=0B00h-0B1Fh -ASFR23=0B80h-0B9Fh -ASFR24=0C00h-0C1Fh \
  -ASFR25=0C80h-0C9Fh -ASFR26=0D00h-0D6Fh -ASFR27=0D80h-0DEFh \
  -ASFR28=0E00h-0E6Fh -ASFR29=0E80h-0EEFh -ASFR30=0F00h-0F6Fh \
  -ASFR31=0F80h-0FEFh -ASFR32=01000h-0106Fh -ASFR33=01080h-010EFh \
  -ASFR34=01100h-0116Fh -ASFR35=01180h-011EFh -ASFR36=01200h-0126Fh \
  -ASFR37=01280h-012EFh -ASFR38=01300h-0136Fh -ASFR39=01380h-013EFh \
  -ASFR40=01400h-0146Fh -ASFR41=01480h-014EFh -ASFR42=01500h-0156Fh \
  -ASFR43=01580h-015EFh -ASFR44=01600h-0166Fh -ASFR45=01680h-016EFh \
  -ASFR46=01700h-0176Fh -ASFR47=01780h-017EFh -ASFR48=01800h-0186Fh \
  -ASFR49=01880h-018EFh -ASFR50=01900h-0196Fh -ASFR51=01980h-019EFh \
  -ASFR52=01A00h-01A6Fh -ASFR53=01A80h-01AEFh -ASFR54=01B00h-01B6Fh \
  -ASFR55=01B80h-01BEFh -ASFR56=01C00h-01C6Fh -ASFR57=01C80h-01CEFh \
  -ASFR58=01D00h-01D6Fh -ASFR59=01D80h-01DEFh -ASFR60=01E00h-01E6Fh \
  -ASFR61=01E80h-01EEFh -ASFR62=01F00h-01F6Fh -ASFR63=01F80h-01FEFh \
  -ACONFIG=08007h-0800Bh -DCONFIG=2 -AIDLOC=08000h-08003h -DIDLOC=2 \
  -AEEDATA=00h-0FFh/0F000h -peeprom_data=EEDATA -DEEDATA=2 -DCODE=2 \
  -DSTRCODE=2 -DSTRING=2 -DCONST=2 -DENTRY=2 \
  -preset_vec=00h,intentry=04h,init,end_init -ppowerup=CODE -pcinit=CODE \
  -pfunctab=ENTRY -k \
  C:\Users\C65471\AppData\Local\Temp\xcAs4pc.\driver_tmp_20.o \
  dist/default/production\pic16f18076-intro-to-sleep.X.production.o 

Object code version is 3.11

Machine type is 16F18076



                Name                               Link     Load   Length Selector   Space Scale
C:\Users\C65471\AppData\Local\Temp\xcAs4pc.\driver_tmp_20.o
                end_init                             25       25        2        8       0
                reset_vec                             0        0        2        0       0
                config                             8007     8007        5        0       4
dist/default/production\pic16f18076-intro-to-sleep.X.production.o
                cinit                                27       27       14        8       0
                intentry                              4        4       21        8       0
                config                             8007     8007        5        0       4
                text38                              64C      64C        3      BC0       0
                text37                              650      650        1      BC0       0
                text36                              5C5      5C5        F      AEE       0
                text35                              649      649        3      BC0       0
                text34                              64F      64F        1      BC0       0
                text33                              5B6      5B6        F      AEE       0
                text32                              60D      60D        9      BC0       0
                text30                              634      634        6      BC0       0
                text29                              642      642        4      BC0       0
                text28                              62E      62E        6      BC0       0
                text27                              409      409       31      6C2       0
                text26                              577      577       11      AEE       0
                text25                              603      603        A      BC0       0
                text24                              5EC      5EC        C      BC0       0
                text23                              5E0      5E0        C      BC0       0
                text22                              4F5      4F5       1C      9AE       0
                text21                              628      628        6      BC0       0
                text20                              5F8      5F8        B      BC0       0
                text19                              622      622        6      BC0       0
                text18                              2B9      2B9       59      4B8       0
                text17                              61C      61C        6      BC0       0
                text16                              52A      52A       15      9AE       0
                text15                              63E      63E        4      BC0       0
                text14                              511      511       19      9AE       0
                text13                              646      646        3      BC0       0
                text12                              361      361       3C      6C2       0
                text11                              3D5      3D5       34      6C2       0
                text10                              5A7      5A7        F      AEE       0
                text9                               63A      63A        4      BC0       0
                text8                               598      598        F      AEE       0
                text7                               25C      25C       5D      4B8       0
                text6                               493      493       26      926       0
                text5                               39D      39D       38      6C2       0
                text4                               18B      18B       73        8       0
                text3                                F9       F9       92        8       0
                text2                               4D7      4D7       1E      9AE       0
                text1                               588      588       10      AEE       0
                maintext                             3B       3B       BE        8       0
                cstackBANK0                          20       20       3A       20       1
                cstackCOMMON                         70       70        E       70       1
                clrtext                             616      616        6      BC0       0
                bssBANK1                             A0       A0       20       A0       1
                bssBANK0                             5A       5A       10       20       1
                stringtext9                         566      566       11      A7E       0
                stringtext8                         553      553       13      A7E       0
                stringtext7                         53F      53F       14      A7E       0
                stringtext6                         4B9      4B9       1E      972       0
                stringtext5                         46A      46A       29      874       0
                stringtext4                         312      312       4F      624       0
                stringtext3                         1FE      1FE       5E      3FC       0
                nvBANK0                              6A       6A        4       20       1
                stringtext2                         5D4      5D4        C      BA8       0
                stringtext1                         43A      43A       30      874       0

TOTAL           Name                               Link     Load   Length     Space
        CLASS   CODE           
                end_init                             25       25        2         0
                cinit                                27       27       14         0
                intentry                              4        4       21         0
                reset_vec                             0        0        2         0
                text38                              64C      64C        3         0
                text37                              650      650        1         0
                text36                              5C5      5C5        F         0
                text35                              649      649        3         0
                text34                              64F      64F        1         0
                text33                              5B6      5B6        F         0
                text32                              60D      60D        9         0
                text30                              634      634        6         0
                text29                              642      642        4         0
                text28                              62E      62E        6         0
                text27                              409      409       31         0
                text26                              577      577       11         0
                text25                              603      603        A         0
                text24                              5EC      5EC        C         0
                text23                              5E0      5E0        C         0
                text22                              4F5      4F5       1C         0
                text21                              628      628        6         0
                text20                              5F8      5F8        B         0
                text19                              622      622        6         0
                text18                              2B9      2B9       59         0
                text17                              61C      61C        6         0
                text16                              52A      52A       15         0
                text15                              63E      63E        4         0
                text14                              511      511       19         0
                text13                              646      646        3         0
                text12                              361      361       3C         0
                text11                              3D5      3D5       34         0
                text10                              5A7      5A7        F         0
                text9                               63A      63A        4         0
                text8                               598      598        F         0
                text7                               25C      25C       5D         0
                text6                               493      493       26         0
                text5                               39D      39D       38         0
                text4                               18B      18B       73         0
                text3                                F9       F9       92         0
                text2                               4D7      4D7       1E         0
                text1                               588      588       10         0
                maintext                             3B       3B       BE         0
                clrtext                             616      616        6         0

        CLASS   STRCODE        
                stringtext9                         566      566       11         0
                stringtext8                         553      553       13         0
                stringtext7                         53F      53F       14         0
                stringtext6                         4B9      4B9       1E         0
                stringtext5                         46A      46A       29         0
                stringtext4                         312      312       4F         0
                stringtext3                         1FE      1FE       5E         0
                stringtext2                         5D4      5D4        C         0
                stringtext1                         43A      43A       30         0

        CLASS   STRING         

        CLASS   CONST          

        CLASS   ENTRY          

        CLASS   COMMON         
                cstackCOMMON                         70       70        E         1

        CLASS   BANK0          
                cstackBANK0                          20       20       3A         1
                bssBANK0                             5A       5A       10         1
                nvBANK0                              6A       6A        4         1

        CLASS   BANK1          
                bssBANK1                             A0       A0       20         1

        CLASS   BANK2          

        CLASS   BANK3          

        CLASS   BANK4          

        CLASS   BANK5          

        CLASS   BANK6          

        CLASS   BANK7          

        CLASS   BANK8          

        CLASS   BANK9          

        CLASS   BANK10         

        CLASS   BANK11         

        CLASS   BANK12         

        CLASS   BANK13         

        CLASS   BANK14         

        CLASS   BANK15         

        CLASS   BANK16         

        CLASS   BANK17         

        CLASS   BANK18         

        CLASS   BANK19         

        CLASS   BANK20         

        CLASS   BANK21         

        CLASS   BANK22         

        CLASS   BANK23         

        CLASS   BANK24         

        CLASS   BANK25         

        CLASS   BIGRAM         

        CLASS   RAM            

        CLASS   ABS1           
                abs_s1                               7E       7E        2         1

        CLASS   SFR0           

        CLASS   SFR1           

        CLASS   SFR2           

        CLASS   SFR3           

        CLASS   SFR4           

        CLASS   SFR5           

        CLASS   SFR6           

        CLASS   SFR7           

        CLASS   SFR8           

        CLASS   SFR9           

        CLASS   SFR10          

        CLASS   SFR11          

        CLASS   SFR12          

        CLASS   SFR13          

        CLASS   SFR14          

        CLASS   SFR15          

        CLASS   SFR16          

        CLASS   SFR17          

        CLASS   SFR18          

        CLASS   SFR19          

        CLASS   SFR20          

        CLASS   SFR21          

        CLASS   SFR22          

        CLASS   SFR23          

        CLASS   SFR24          

        CLASS   SFR25          

        CLASS   SFR26          

        CLASS   SFR27          

        CLASS   SFR28          

        CLASS   SFR29          

        CLASS   SFR30          

        CLASS   SFR31          

        CLASS   SFR32          

        CLASS   SFR33          

        CLASS   SFR34          

        CLASS   SFR35          

        CLASS   SFR36          

        CLASS   SFR37          

        CLASS   SFR38          

        CLASS   SFR39          

        CLASS   SFR40          

        CLASS   SFR41          

        CLASS   SFR42          

        CLASS   SFR43          

        CLASS   SFR44          

        CLASS   SFR45          

        CLASS   SFR46          

        CLASS   SFR47          

        CLASS   SFR48          

        CLASS   SFR49          

        CLASS   SFR50          

        CLASS   SFR51          

        CLASS   SFR52          

        CLASS   SFR53          

        CLASS   SFR54          

        CLASS   SFR55          

        CLASS   SFR56          

        CLASS   SFR57          

        CLASS   SFR58          

        CLASS   SFR59          

        CLASS   SFR60          

        CLASS   SFR61          

        CLASS   SFR62          

        CLASS   SFR63          

        CLASS   CONFIG         
                config                             8007     8007        5         4

        CLASS   IDLOC          

        CLASS   EEDATA         

        CLASS   BANK63         

        CLASS   BANK62         

        CLASS   BANK61         

        CLASS   BANK60         

        CLASS   BANK59         

        CLASS   BANK58         

        CLASS   BANK57         

        CLASS   BANK56         

        CLASS   BANK55         

        CLASS   BANK54         

        CLASS   BANK53         

        CLASS   BANK52         

        CLASS   BANK51         

        CLASS   BANK50         

        CLASS   BANK49         

        CLASS   BANK48         

        CLASS   BANK47         

        CLASS   BANK46         

        CLASS   BANK45         

        CLASS   BANK44         

        CLASS   BANK43         

        CLASS   BANK42         

        CLASS   BANK41         

        CLASS   BANK40         

        CLASS   BANK39         

        CLASS   BANK38         

        CLASS   BANK37         

        CLASS   BANK36         

        CLASS   BANK35         

        CLASS   BANK34         

        CLASS   BANK33         

        CLASS   BANK32         

        CLASS   BANK31         

        CLASS   BANK30         

        CLASS   BANK29         

        CLASS   BANK28         

        CLASS   BANK27         

        CLASS   BANK26         

        CLASS   HEAP           

        CLASS   STACK          



SEGMENTS        Name                           Load    Length   Top    Selector   Space  Class     Delta

                reset_vec                      000000  000002  000002         0       0  CODE        2
                intentry                       000004  0001FA  0001FE         8       0  CODE        2
                cstackBANK0                    000020  00004E  00006E        20       1  BANK0       1
                cstackCOMMON                   000070  00000E  00007E        70       1  COMMON      1
                bssBANK1                       0000A0  000020  0000C0        A0       1  BANK1       1
                stringtext3                    0001FE  00005E  00025C       3FC       0  STRCODE     2
                text7                          00025C  0000B6  000312       4B8       0  CODE        2
                stringtext4                    000312  00004F  000361       624       0  STRCODE     2
                text12                         000361  0000D9  00043A       6C2       0  CODE        2
                stringtext1                    00043A  000059  000493       874       0  STRCODE     2
                text6                          000493  000026  0004B9       926       0  CODE        2
                stringtext6                    0004B9  00001E  0004D7       972       0  STRCODE     2
                text2                          0004D7  000068  00053F       9AE       0  CODE        2
                stringtext7                    00053F  000038  000577       A7E       0  STRCODE     2
                text26                         000577  00005D  0005D4       AEE       0  CODE        2
                stringtext2                    0005D4  00000C  0005E0       BA8       0  STRCODE     2
                text23                         0005E0  000071  000651       BC0       0  CODE        2


UNUSED ADDRESS RANGES

        Name                Unused          Largest block    Delta
        BANK0            0006E-0006F               2           1
        BANK1            000C0-000EF              30           1
        BANK10           00520-0056F              50           1
        BANK11           005A0-005EF              50           1
        BANK12           00620-0066F              50           1
        BANK13           006A0-006EF              50           1
        BANK14           00720-0076F              50           1
        BANK15           007A0-007EF              50           1
        BANK16           00820-0086F              50           1
        BANK17           008A0-008EF              50           1
        BANK18           00920-0096F              50           1
        BANK19           009A0-009EF              50           1
        BANK2            00120-0016F              50           1
        BANK20           00A20-00A6F              50           1
        BANK21           00AA0-00AEF              50           1
        BANK22           00B20-00B6F              50           1
        BANK23           00BA0-00BEF              50           1
        BANK24           00C20-00C6F              50           1
        BANK25           00CA0-00CBF              20           1
        BANK3            001A0-001EF              50           1
        BANK4            00220-0026F              50           1
        BANK5            002A0-002EF              50           1
        BANK6            00320-0036F              50           1
        BANK7            003A0-003EF              50           1
        BANK8            00420-0046F              50           1
        BANK9            004A0-004EF              50           1
        BIGRAM           02000-027EF             7F0           1
        CODE             00002-00003               2           2
                         00651-03FFF             800
        CONST            00002-00003               2           2
                         00651-03FFF             100
        EEDATA           0F000-0F0FF             100           2
        ENTRY            00002-00003               2           2
                         00651-03FFF             100
        IDLOC            08000-08003               4           2
        RAM              0006E-0006F               2           1
                         000C0-000EF              30
                         00120-0016F              50
                         001A0-001EF              50
                         00220-0026F              50
                         002A0-002EF              50
                         00320-0036F              50
                         003A0-003EF              50
                         00420-0046F              50
                         004A0-004EF              50
                         00520-0056F              50
                         005A0-005EF              50
                         00620-0066F              50
                         006A0-006EF              50
                         00720-0076F              50
                         007A0-007EF              50
                         00820-0086F              50
                         008A0-008EF              50
                         00920-0096F              50
                         009A0-009EF              50
                         00A20-00A6F              50
                         00AA0-00AEF              50
                         00B20-00B6F              50
                         00BA0-00BEF              50
                         00C20-00C6F              50
                         00CA0-00CBF              20
        SFR0             00000-0001F              20           1
        SFR1             00080-0009F              20           1
        SFR10            00500-0051F              20           1
        SFR11            00580-0059F              20           1
        SFR12            00600-0061F              20           1
        SFR13            00680-0069F              20           1
        SFR14            00700-0071F              20           1
        SFR15            00780-0079F              20           1
        SFR16            00800-0081F              20           1
        SFR17            00880-0089F              20           1
        SFR18            00900-0091F              20           1
        SFR19            00980-0099F              20           1
        SFR2             00100-0011F              20           1
        SFR20            00A00-00A1F              20           1
        SFR21            00A80-00A9F              20           1
        SFR22            00B00-00B1F              20           1
        SFR23            00B80-00B9F              20           1
        SFR24            00C00-00C1F              20           1
        SFR25            00C80-00C9F              20           1
        SFR26            00D00-00D6F              70           1
        SFR27            00D80-00DEF              70           1
        SFR28            00E00-00E6F              70           1
        SFR29            00E80-00EEF              70           1
        SFR3             00180-0019F              20           1
        SFR30            00F00-00F6F              70           1
        SFR31            00F80-00FEF              70           1
        SFR32            01000-0106F              70           1
        SFR33            01080-010EF              70           1
        SFR34            01100-0116F              70           1
        SFR35            01180-011EF              70           1
        SFR36            01200-0126F              70           1
        SFR37            01280-012EF              70           1
        SFR38            01300-0136F              70           1
        SFR39            01380-013EF              70           1
        SFR4             00200-0021F              20           1
        SFR40            01400-0146F              70           1
        SFR41            01480-014EF              70           1
        SFR42            01500-0156F              70           1
        SFR43            01580-015EF              70           1
        SFR44            01600-0166F              70           1
        SFR45            01680-016EF              70           1
        SFR46            01700-0176F              70           1
        SFR47            01780-017EF              70           1
        SFR48            01800-0186F              70           1
        SFR49            01880-018EF              70           1
        SFR5             00280-0029F              20           1
        SFR50            01900-0196F              70           1
        SFR51            01980-019EF              70           1
        SFR52            01A00-01A6F              70           1
        SFR53            01A80-01AEF              70           1
        SFR54            01B00-01B6F              70           1
        SFR55            01B80-01BEF              70           1
        SFR56            01C00-01C6F              70           1
        SFR57            01C80-01CEF              70           1
        SFR58            01D00-01D6F              70           1
        SFR59            01D80-01DEF              70           1
        SFR6             00300-0031F              20           1
        SFR60            01E00-01E6F              70           1
        SFR61            01E80-01EEF              70           1
        SFR62            01F00-01F6F              70           1
        SFR63            01F80-01FEF              70           1
        SFR7             00380-0039F              20           1
        SFR8             00400-0041F              20           1
        SFR9             00480-0049F              20           1
        STRCODE          00002-00003               2           2
                         00651-03FFF            39AF
        STRING           00002-00003               2           2
                         00651-03FFF             100

                                  Symbol Table

?_ADCC_GetConversionResult                           cstackCOMMON 00070
?___lwdiv                                            cstackCOMMON 00070
?___lwmod                                            cstackCOMMON 00070
?_printf                                             cstackBANK0  00050
?_vfprintf                                           cstackBANK0  00048
ADCC_SetADTIInterruptHandler@InterruptHandler        cstackCOMMON 00070
EUSART2_FramingErrorCallbackRegister@callbackHandler cstackCOMMON 00070
EUSART2_OverrunErrorCallbackRegister@callbackHandler cstackCOMMON 00070
EUSART2_Write@txData                                 cstackCOMMON 00070
INT_SetInterruptHandler@InterruptHandler             cstackCOMMON 00070
IO_RA0_SetInterruptHandler@InterruptHandler          cstackCOMMON 00070
TMR2_OverflowCallbackRegister@InterruptHandler       cstackCOMMON 00070
_ACTCON                                              (abs)        00214
_ADACCH                                              (abs)        01D17
_ADACCL                                              (abs)        01D16
_ADACCU                                              (abs)        01D18
_ADACQH                                              (abs)        01D22
_ADACQL                                              (abs)        01D21
_ADACT                                               (abs)        01D2C
_ADCAP                                               (abs)        01D23
_ADCC_ADTI_InterruptHandler                          nvBANK0      0006C
_ADCC_DefaultADTI_ISR                                text37       00650
_ADCC_GetConversionResult                            text30       00634
_ADCC_Initialize                                     text27       00409
_ADCC_SetADTIInterruptHandler                        text28       0062E
_ADCC_ThresholdISR                                   text36       005C5
_ADCG1A                                              (abs)        01D2E
_ADCG1B                                              (abs)        01D2F
_ADCG1C                                              (abs)        01D30
_ADCG1D                                              (abs)        01D31
_ADCG1E                                              (abs)        01D32
_ADCLK                                               (abs)        01D2D
_ADCNT                                               (abs)        01D19
_ADCON0                                              (abs)        01D26
_ADCON0bits                                          (abs)        01D26
_ADCON1                                              (abs)        01D27
_ADCON1bits                                          (abs)        01D27
_ADCON2                                              (abs)        01D28
_ADCON2bits                                          (abs)        01D28
_ADCON3                                              (abs)        01D29
_ADCON3bits                                          (abs)        01D29
_ADERRH                                              (abs)        01D11
_ADERRL                                              (abs)        01D10
_ADFLTRH                                             (abs)        01D15
_ADFLTRL                                             (abs)        01D14
_ADLTHH                                              (abs)        01D0D
_ADLTHL                                              (abs)        01D0C
_ADPCH                                               (abs)        01D1F
_ADPREH                                              (abs)        01D25
_ADPREL                                              (abs)        01D24
_ADPREVH                                             (abs)        01D1C
_ADPREVL                                             (abs)        01D1B
_ADREF                                               (abs)        01D2B
_ADRESH                                              (abs)        01D1E
_ADRESL                                              (abs)        01D1D
_ADRPT                                               (abs)        01D1A
_ADSTAT                                              (abs)        01D2A
_ADSTATbits                                          (abs)        01D2A
_ADSTPTH                                             (abs)        01D13
_ADSTPTL                                             (abs)        01D12
_ADT_Interrupt                                       text38       0064C
_ADUTHH                                              (abs)        01D0F
_ADUTHL                                              (abs)        01D0E
_ANSELA                                              (abs)        01E8C
_ANSELB                                              (abs)        01E96
_ANSELC                                              (abs)        01EA0
_ANSELD                                              (abs)        01EAA
_ANSELE                                              (abs)        01EB4
_BAUD2CON                                            (abs)        0061C
_BAUD2CONbits                                        (abs)        0061C
_CLC1_Initialize                                     text26       00577
_CLCDATA                                             (abs)        00597
_CLCDATAbits                                         (abs)        00597
_CLCIN0PPS                                           (abs)        01E3D
_CLCSELECT                                           (abs)        00596
_CLCnCON                                             (abs)        0058C
_CLCnGLS0                                            (abs)        00592
_CLCnGLS1                                            (abs)        00593
_CLCnGLS2                                            (abs)        00594
_CLCnGLS3                                            (abs)        00595
_CLCnPOL                                             (abs)        0058D
_CLCnSEL0                                            (abs)        0058E
_CLCnSEL1                                            (abs)        0058F
_CLCnSEL2                                            (abs)        00590
_CLCnSEL3                                            (abs)        00591
_CLOCK_Initialize                                    text25       00603
_EUSART2_AutoBaudQuery                               (abs)        00000
_EUSART2_AutoBaudSet                                 (abs)        00000
_EUSART2_DefaultFramingErrorCallback                 (abs)        00000
_EUSART2_DefaultOverrunErrorCallback                 (abs)        00000
_EUSART2_Deinitialize                                (abs)        00000
_EUSART2_ErrorGet                                    (abs)        00000
_EUSART2_FramingErrorCallbackRegister                text24       005EC
_EUSART2_FramingErrorHandler                         bssBANK0     00060
_EUSART2_Initialize                                  text22       004F5
_EUSART2_IsRxReady                                   (abs)        00000
_EUSART2_IsTxDone                                    text29       00642
_EUSART2_IsTxReady                                   text10       005A7
_EUSART2_IsTxReady$1457                              cstackCOMMON 00070
_EUSART2_OverrunErrorCallbackRegister                text23       005E0
_EUSART2_OverrunErrorHandler                         bssBANK0     0005E
_EUSART2_Read                                        (abs)        00000
_EUSART2_TransmitDisable                             (abs)        00000
_EUSART2_TransmitEnable                              (abs)        00000
_EUSART2_Write                                       text9        0063A
_INLVLA                                              (abs)        01E90
_INLVLB                                              (abs)        01E9A
_INLVLC                                              (abs)        01EA4
_INLVLD                                              (abs)        01EAE
_INLVLE                                              (abs)        01EB8
_INTCONbits                                          (abs)        0000B
_INTERRUPT_Initialize                                text20       005F8
_INTERRUPT_InterruptManager                          intentry     00004
_INT_DefaultInterruptHandler                         (abs)        00000
_INT_InterruptHandler                                bssBANK0     00066
_INT_SetInterruptHandler                             text21       00628
_IOCAF                                               (abs)        01E93
_IOCAFbits                                           (abs)        01E93
_IOCAN                                               (abs)        01E92
_IOCAP                                               (abs)        01E91
_IOCBF                                               (abs)        01E9D
_IOCBN                                               (abs)        01E9C
_IOCBP                                               (abs)        01E9B
_IOCCF                                               (abs)        01EA7
_IOCCN                                               (abs)        01EA6
_IOCCP                                               (abs)        01EA5
_IOCEF                                               (abs)        01EBB
_IOCEN                                               (abs)        01EBA
_IOCEP                                               (abs)        01EB9
_IO_RA0_DefaultInterruptHandler                      text34       0064F
_IO_RA0_ISR                                          text33       005B6
_IO_RA0_InterruptHandler                             nvBANK0      0006A
_IO_RA0_SetInterruptHandler                          text19       00622
_IoC_Interrupt                                       text35       00649
_LATA                                                (abs)        00018
_LATB                                                (abs)        00019
_LATC                                                (abs)        0001A
_LATD                                                (abs)        0001B
_LATE                                                (abs)        0001C
_ODCONA                                              (abs)        01E8E
_ODCONB                                              (abs)        01E98
_ODCONC                                              (abs)        01EA2
_ODCOND                                              (abs)        01EAC
_ODCONE                                              (abs)        01EB6
_OSCCON2                                             (abs)        0020E
_OSCCON3                                             (abs)        0020F
_OSCEN                                               (abs)        00211
_OSCFRQ                                              (abs)        00213
_OSCSTAT                                             (abs)        00210
_OSCTUNE                                             (abs)        00212
_PIE0bits                                            (abs)        00096
_PIE4bits                                            (abs)        0009A
_PIN_MANAGER_IOC                                     text32       0060D
_PIN_MANAGER_Initialize                              text18       002B9
_PIR0bits                                            (abs)        0008C
_PIR1bits                                            (abs)        0008D
_PIR3bits                                            (abs)        0008F
_PIR4bits                                            (abs)        00090
_PR2                                                 (abs)        0030D
_RA1PPS                                              (abs)        01D8D
_RB4PPS                                              (abs)        01D98
_RC2REG                                              (abs)        00616
_RC2STA                                              (abs)        0061A
_RC2STAbits                                          (abs)        0061A
_SLRCONA                                             (abs)        01E8F
_SLRCONB                                             (abs)        01E99
_SLRCONC                                             (abs)        01EA3
_SLRCOND                                             (abs)        01EAD
_SLRCONE                                             (abs)        01EB7
_SP2BRGH                                             (abs)        00619
_SP2BRGL                                             (abs)        00618
_STATUSbits                                          (abs)        00003
_SYSTEM_Initialize                                   text14       00511
_T2CLKCON                                            (abs)        00310
_T2CON                                               (abs)        0030E
_T2CONbits                                           (abs)        0030E
_T2HLT                                               (abs)        0030F
_T2HLTbits                                           (abs)        0030F
_T2PR                                                (abs)        0030D
_T2RST                                               (abs)        00311
_T2RSTbits                                           (abs)        00311
_T2TMR                                               (abs)        0030C
_TMR2                                                (abs)        0030C
_TMR2_DefaultOverflowCallback                        (abs)        00000
_TMR2_Initialize                                     text16       0052A
_TMR2_OverflowCallback                               bssBANK0     00064
_TMR2_OverflowCallbackRegister                       text17       0061C
_TMR2_PeriodCountSet                                 (abs)        00000
_TMR2_Start                                          text13       00646
_TMR2_Stop                                           (abs)        00000
_TMR2_Tasks                                          (abs)        00000
_TRISA                                               (abs)        00012
_TRISB                                               (abs)        00013
_TRISC                                               (abs)        00014
_TRISD                                               (abs)        00015
_TRISE                                               (abs)        00016
_TX2REG                                              (abs)        00617
_TX2STA                                              (abs)        0061B
_TX2STAbits                                          (abs)        0061B
_WDTCON                                              (abs)        0018C
_WDTCONbits                                          (abs)        0018C
_WDT_Initialize                                      text15       0063E
_WPUA                                                (abs)        01E8D
_WPUB                                                (abs)        01E97
_WPUC                                                (abs)        01EA1
_WPUD                                                (abs)        01EAB
_WPUE                                                (abs)        01EB5
__H__absolute__                                      __absolute__ 00000
__Habs1                                              abs1         00000
__Hbank0                                             bank0        00000
__Hbank1                                             bank1        00000
__Hbank10                                            bank10       00000
__Hbank11                                            bank11       00000
__Hbank12                                            bank12       00000
__Hbank13                                            bank13       00000
__Hbank14                                            bank14       00000
__Hbank15                                            bank15       00000
__Hbank16                                            bank16       00000
__Hbank17                                            bank17       00000
__Hbank18                                            bank18       00000
__Hbank19                                            bank19       00000
__Hbank2                                             bank2        00000
__Hbank20                                            bank20       00000
__Hbank21                                            bank21       00000
__Hbank22                                            bank22       00000
__Hbank23                                            bank23       00000
__Hbank24                                            bank24       00000
__Hbank25                                            bank25       00000
__Hbank26                                            bank26       00000
__Hbank27                                            bank27       00000
__Hbank28                                            bank28       00000
__Hbank29                                            bank29       00000
__Hbank3                                             bank3        00000
__Hbank30                                            bank30       00000
__Hbank31                                            bank31       00000
__Hbank32                                            bank32       00000
__Hbank33                                            bank33       00000
__Hbank34                                            bank34       00000
__Hbank35                                            bank35       00000
__Hbank36                                            bank36       00000
__Hbank37                                            bank37       00000
__Hbank38                                            bank38       00000
__Hbank39                                            bank39       00000
__Hbank4                                             bank4        00000
__Hbank40                                            bank40       00000
__Hbank41                                            bank41       00000
__Hbank42                                            bank42       00000
__Hbank43                                            bank43       00000
__Hbank44                                            bank44       00000
__Hbank45                                            bank45       00000
__Hbank46                                            bank46       00000
__Hbank47                                            bank47       00000
__Hbank48                                            bank48       00000
__Hbank49                                            bank49       00000
__Hbank5                                             bank5        00000
__Hbank50                                            bank50       00000
__Hbank51                                            bank51       00000
__Hbank52                                            bank52       00000
__Hbank53                                            bank53       00000
__Hbank54                                            bank54       00000
__Hbank55                                            bank55       00000
__Hbank56                                            bank56       00000
__Hbank57                                            bank57       00000
__Hbank58                                            bank58       00000
__Hbank59                                            bank59       00000
__Hbank6                                             bank6        00000
__Hbank60                                            bank60       00000
__Hbank61                                            bank61       00000
__Hbank62                                            bank62       00000
__Hbank63                                            bank63       00000
__Hbank7                                             bank7        00000
__Hbank8                                             bank8        00000
__Hbank9                                             bank9        00000
__Hbigram                                            bigram       00000
__HbssBANK0                                          bssBANK0     00000
__HbssBANK1                                          bssBANK1     00000
__Hcinit                                             cinit        0003B
__Hclrtext                                           clrtext      00000
__Hcode                                              code         00000
__Hcommon                                            common       00000
__Hconfig                                            config       0800C
__HcstackBANK0                                       cstackBANK0  00000
__HcstackCOMMON                                      cstackCOMMON 00000
__Heeprom_data                                       eeprom_data  00000
__Hend_init                                          end_init     00027
__Hfunctab                                           functab      00000
__Hheap                                              heap         00000
__Hinit                                              init         00025
__Hintentry                                          intentry     00025
__Hmaintext                                          maintext     00000
__HnvBANK0                                           nvBANK0      00000
__Hpowerup                                           powerup      00000
__Hram                                               ram          00000
__Hreset_vec                                         reset_vec    00002
__Hsfr0                                              sfr0         00000
__Hsfr1                                              sfr1         00000
__Hsfr10                                             sfr10        00000
__Hsfr11                                             sfr11        00000
__Hsfr12                                             sfr12        00000
__Hsfr13                                             sfr13        00000
__Hsfr14                                             sfr14        00000
__Hsfr15                                             sfr15        00000
__Hsfr16                                             sfr16        00000
__Hsfr17                                             sfr17        00000
__Hsfr18                                             sfr18        00000
__Hsfr19                                             sfr19        00000
__Hsfr2                                              sfr2         00000
__Hsfr20                                             sfr20        00000
__Hsfr21                                             sfr21        00000
__Hsfr22                                             sfr22        00000
__Hsfr23                                             sfr23        00000
__Hsfr24                                             sfr24        00000
__Hsfr25                                             sfr25        00000
__Hsfr26                                             sfr26        00000
__Hsfr27                                             sfr27        00000
__Hsfr28                                             sfr28        00000
__Hsfr29                                             sfr29        00000
__Hsfr3                                              sfr3         00000
__Hsfr30                                             sfr30        00000
__Hsfr31                                             sfr31        00000
__Hsfr32                                             sfr32        00000
__Hsfr33                                             sfr33        00000
__Hsfr34                                             sfr34        00000
__Hsfr35                                             sfr35        00000
__Hsfr36                                             sfr36        00000
__Hsfr37                                             sfr37        00000
__Hsfr38                                             sfr38        00000
__Hsfr39                                             sfr39        00000
__Hsfr4                                              sfr4         00000
__Hsfr40                                             sfr40        00000
__Hsfr41                                             sfr41        00000
__Hsfr42                                             sfr42        00000
__Hsfr43                                             sfr43        00000
__Hsfr44                                             sfr44        00000
__Hsfr45                                             sfr45        00000
__Hsfr46                                             sfr46        00000
__Hsfr47                                             sfr47        00000
__Hsfr48                                             sfr48        00000
__Hsfr49                                             sfr49        00000
__Hsfr5                                              sfr5         00000
__Hsfr50                                             sfr50        00000
__Hsfr51                                             sfr51        00000
__Hsfr52                                             sfr52        00000
__Hsfr53                                             sfr53        00000
__Hsfr54                                             sfr54        00000
__Hsfr55                                             sfr55        00000
__Hsfr56                                             sfr56        00000
__Hsfr57                                             sfr57        00000
__Hsfr58                                             sfr58        00000
__Hsfr59                                             sfr59        00000
__Hsfr6                                              sfr6         00000
__Hsfr60                                             sfr60        00000
__Hsfr61                                             sfr61        00000
__Hsfr62                                             sfr62        00000
__Hsfr63                                             sfr63        00000
__Hsfr7                                              sfr7         00000
__Hsfr8                                              sfr8         00000
__Hsfr9                                              sfr9         00000
__Hspace_0                                           (abs)        00651
__Hspace_1                                           (abs)        000C0
__Hspace_2                                           (abs)        00000
__Hspace_3                                           (abs)        00000
__Hspace_4                                           (abs)        10013
__Hstack                                             stack        00000
__Hstrings                                           strings      00000
__Hstringtext1                                       stringtext1  00000
__Hstringtext10                                      stringtext10 00000
__Hstringtext2                                       stringtext2  00000
__Hstringtext3                                       stringtext3  00000
__Hstringtext4                                       stringtext4  00000
__Hstringtext5                                       stringtext5  00000
__Hstringtext6                                       stringtext6  00000
__Hstringtext7                                       stringtext7  00000
__Hstringtext8                                       stringtext8  00000
__Hstringtext9                                       stringtext9  00000
__Htext                                              text         00000
__L__absolute__                                      __absolute__ 00000
__Labs1                                              abs1         00000
__Lbank0                                             bank0        00000
__Lbank1                                             bank1        00000
__Lbank10                                            bank10       00000
__Lbank11                                            bank11       00000
__Lbank12                                            bank12       00000
__Lbank13                                            bank13       00000
__Lbank14                                            bank14       00000
__Lbank15                                            bank15       00000
__Lbank16                                            bank16       00000
__Lbank17                                            bank17       00000
__Lbank18                                            bank18       00000
__Lbank19                                            bank19       00000
__Lbank2                                             bank2        00000
__Lbank20                                            bank20       00000
__Lbank21                                            bank21       00000
__Lbank22                                            bank22       00000
__Lbank23                                            bank23       00000
__Lbank24                                            bank24       00000
__Lbank25                                            bank25       00000
__Lbank26                                            bank26       00000
__Lbank27                                            bank27       00000
__Lbank28                                            bank28       00000
__Lbank29                                            bank29       00000
__Lbank3                                             bank3        00000
__Lbank30                                            bank30       00000
__Lbank31                                            bank31       00000
__Lbank32                                            bank32       00000
__Lbank33                                            bank33       00000
__Lbank34                                            bank34       00000
__Lbank35                                            bank35       00000
__Lbank36                                            bank36       00000
__Lbank37                                            bank37       00000
__Lbank38                                            bank38       00000
__Lbank39                                            bank39       00000
__Lbank4                                             bank4        00000
__Lbank40                                            bank40       00000
__Lbank41                                            bank41       00000
__Lbank42                                            bank42       00000
__Lbank43                                            bank43       00000
__Lbank44                                            bank44       00000
__Lbank45                                            bank45       00000
__Lbank46                                            bank46       00000
__Lbank47                                            bank47       00000
__Lbank48                                            bank48       00000
__Lbank49                                            bank49       00000
__Lbank5                                             bank5        00000
__Lbank50                                            bank50       00000
__Lbank51                                            bank51       00000
__Lbank52                                            bank52       00000
__Lbank53                                            bank53       00000
__Lbank54                                            bank54       00000
__Lbank55                                            bank55       00000
__Lbank56                                            bank56       00000
__Lbank57                                            bank57       00000
__Lbank58                                            bank58       00000
__Lbank59                                            bank59       00000
__Lbank6                                             bank6        00000
__Lbank60                                            bank60       00000
__Lbank61                                            bank61       00000
__Lbank62                                            bank62       00000
__Lbank63                                            bank63       00000
__Lbank7                                             bank7        00000
__Lbank8                                             bank8        00000
__Lbank9                                             bank9        00000
__Lbigram                                            bigram       00000
__LbssBANK0                                          bssBANK0     00000
__LbssBANK1                                          bssBANK1     00000
__Lcinit                                             cinit        00027
__Lclrtext                                           clrtext      00000
__Lcode                                              code         00000
__Lcommon                                            common       00000
__Lconfig                                            config       00000
__LcstackBANK0                                       cstackBANK0  00000
__LcstackCOMMON                                      cstackCOMMON 00000
__Leeprom_data                                       eeprom_data  00000
__Lend_init                                          end_init     00025
__Lfunctab                                           functab      00000
__Lheap                                              heap         00000
__Linit                                              init         00025
__Lintentry                                          intentry     00004
__Lmaintext                                          maintext     00000
__LnvBANK0                                           nvBANK0      00000
__Lpowerup                                           powerup      00000
__Lram                                               ram          00000
__Lreset_vec                                         reset_vec    00000
__Lsfr0                                              sfr0         00000
__Lsfr1                                              sfr1         00000
__Lsfr10                                             sfr10        00000
__Lsfr11                                             sfr11        00000
__Lsfr12                                             sfr12        00000
__Lsfr13                                             sfr13        00000
__Lsfr14                                             sfr14        00000
__Lsfr15                                             sfr15        00000
__Lsfr16                                             sfr16        00000
__Lsfr17                                             sfr17        00000
__Lsfr18                                             sfr18        00000
__Lsfr19                                             sfr19        00000
__Lsfr2                                              sfr2         00000
__Lsfr20                                             sfr20        00000
__Lsfr21                                             sfr21        00000
__Lsfr22                                             sfr22        00000
__Lsfr23                                             sfr23        00000
__Lsfr24                                             sfr24        00000
__Lsfr25                                             sfr25        00000
__Lsfr26                                             sfr26        00000
__Lsfr27                                             sfr27        00000
__Lsfr28                                             sfr28        00000
__Lsfr29                                             sfr29        00000
__Lsfr3                                              sfr3         00000
__Lsfr30                                             sfr30        00000
__Lsfr31                                             sfr31        00000
__Lsfr32                                             sfr32        00000
__Lsfr33                                             sfr33        00000
__Lsfr34                                             sfr34        00000
__Lsfr35                                             sfr35        00000
__Lsfr36                                             sfr36        00000
__Lsfr37                                             sfr37        00000
__Lsfr38                                             sfr38        00000
__Lsfr39                                             sfr39        00000
__Lsfr4                                              sfr4         00000
__Lsfr40                                             sfr40        00000
__Lsfr41                                             sfr41        00000
__Lsfr42                                             sfr42        00000
__Lsfr43                                             sfr43        00000
__Lsfr44                                             sfr44        00000
__Lsfr45                                             sfr45        00000
__Lsfr46                                             sfr46        00000
__Lsfr47                                             sfr47        00000
__Lsfr48                                             sfr48        00000
__Lsfr49                                             sfr49        00000
__Lsfr5                                              sfr5         00000
__Lsfr50                                             sfr50        00000
__Lsfr51                                             sfr51        00000
__Lsfr52                                             sfr52        00000
__Lsfr53                                             sfr53        00000
__Lsfr54                                             sfr54        00000
__Lsfr55                                             sfr55        00000
__Lsfr56                                             sfr56        00000
__Lsfr57                                             sfr57        00000
__Lsfr58                                             sfr58        00000
__Lsfr59                                             sfr59        00000
__Lsfr6                                              sfr6         00000
__Lsfr60                                             sfr60        00000
__Lsfr61                                             sfr61        00000
__Lsfr62                                             sfr62        00000
__Lsfr63                                             sfr63        00000
__Lsfr7                                              sfr7         00000
__Lsfr8                                              sfr8         00000
__Lsfr9                                              sfr9         00000
__Lspace_0                                           (abs)        00000
__Lspace_1                                           (abs)        00000
__Lspace_2                                           (abs)        00000
__Lspace_3                                           (abs)        00000
__Lspace_4                                           (abs)        00000
__Lstack                                             stack        00000
__Lstrings                                           strings      00000
__Lstringtext1                                       stringtext1  00000
__Lstringtext10                                      stringtext10 00000
__Lstringtext2                                       stringtext2  00000
__Lstringtext3                                       stringtext3  00000
__Lstringtext4                                       stringtext4  00000
__Lstringtext5                                       stringtext5  00000
__Lstringtext6                                       stringtext6  00000
__Lstringtext7                                       stringtext7  00000
__Lstringtext8                                       stringtext8  00000
__Lstringtext9                                       stringtext9  00000
__Ltext                                              text         00000
__S0                                                 (abs)        00651
__S1                                                 (abs)        000C0
__S3                                                 (abs)        00000
___heap_hi                                           (abs)        00000
___heap_lo                                           (abs)        00000
___int_sp                                            stack        00000
___latbits                                           (abs)        00003
___lwdiv                                             text12       00361
___lwdiv@counter                                     cstackCOMMON 00077
___lwdiv@dividend                                    cstackCOMMON 00072
___lwdiv@divisor                                     cstackCOMMON 00070
___lwdiv@quotient                                    cstackCOMMON 00075
___lwmod                                             text11       003D5
___lwmod@counter                                     cstackCOMMON 00075
___lwmod@dividend                                    cstackCOMMON 00072
___lwmod@divisor                                     cstackCOMMON 00070
___sp                                                stack        00000
___stackhi                                           (abs)        00000
___stacklo                                           (abs)        00000
__end_of_ADCC_DefaultADTI_ISR                        text37       00651
__end_of_ADCC_GetConversionResult                    text30       0063A
__end_of_ADCC_Initialize                             text27       0043A
__end_of_ADCC_SetADTIInterruptHandler                text28       00634
__end_of_ADCC_ThresholdISR                           text36       005D4
__end_of_ADT_Interrupt                               text38       0064F
__end_of_CLC1_Initialize                             text26       00588
__end_of_CLOCK_Initialize                            text25       0060D
__end_of_EUSART2_FramingErrorCallbackRegister        text24       005F8
__end_of_EUSART2_Initialize                          text22       00511
__end_of_EUSART2_IsTxDone                            text29       00646
__end_of_EUSART2_IsTxReady                           text10       005B6
__end_of_EUSART2_OverrunErrorCallbackRegister        text23       005EC
__end_of_EUSART2_Write                               text9        0063E
__end_of_INTERRUPT_Initialize                        text20       00603
__end_of_INTERRUPT_InterruptManager                  intentry     00025
__end_of_INT_SetInterruptHandler                     text21       0062E
__end_of_IO_RA0_DefaultInterruptHandler              text34       00650
__end_of_IO_RA0_ISR                                  text33       005C5
__end_of_IO_RA0_SetInterruptHandler                  text19       00628
__end_of_IoC_Interrupt                               text35       0064C
__end_of_PIN_MANAGER_IOC                             text32       00616
__end_of_PIN_MANAGER_Initialize                      text18       00312
__end_of_SYSTEM_Initialize                           text14       0052A
__end_of_TMR2_Initialize                             text16       0053F
__end_of_TMR2_OverflowCallbackRegister               text17       00622
__end_of_TMR2_Start                                  text13       00649
__end_of_UART2                                       stringtext1  0046A
__end_of_WDT_Initialize                              text15       00642
__end_of___lwdiv                                     text12       0039D
__end_of___lwmod                                     text11       00409
__end_of__initialization                             cinit        00037
__end_of_fputc                                       text7        002B9
__end_of_fputs                                       text6        004B9
__end_of_main                                        maintext     000F9
__end_of_pad                                         text5        003D5
__end_of_printf                                      text1        00598
__end_of_putch                                       text8        005A7
__end_of_tmr2                                        stringtext2  005E0
__end_of_utoa                                        text4        001FE
__end_of_vfpfcnvrt                                   text3        0018B
__end_of_vfprintf                                    text2        004F5
__initialization                                     cinit        00027
__pbssBANK0                                          bssBANK0     0005A
__pbssBANK1                                          bssBANK1     000A0
__pcstackBANK0                                       cstackBANK0  00020
__pcstackCOMMON                                      cstackCOMMON 00070
__pintentry                                          intentry     00004
__pmaintext                                          maintext     0003B
__pnvBANK0                                           nvBANK0      0006A
__pstringtext1                                       stringtext1  0043A
__pstringtext10                                      stringtext10 00000
__pstringtext2                                       stringtext2  005D4
__pstringtext3                                       stringtext3  001FE
__pstringtext4                                       stringtext4  00312
__pstringtext5                                       stringtext5  0046A
__pstringtext6                                       stringtext6  004B9
__pstringtext7                                       stringtext7  0053F
__pstringtext8                                       stringtext8  00553
__pstringtext9                                       stringtext9  00566
__ptext1                                             text1        00588
__ptext10                                            text10       005A7
__ptext11                                            text11       003D5
__ptext12                                            text12       00361
__ptext13                                            text13       00646
__ptext14                                            text14       00511
__ptext15                                            text15       0063E
__ptext16                                            text16       0052A
__ptext17                                            text17       0061C
__ptext18                                            text18       002B9
__ptext19                                            text19       00622
__ptext2                                             text2        004D7
__ptext20                                            text20       005F8
__ptext21                                            text21       00628
__ptext22                                            text22       004F5
__ptext23                                            text23       005E0
__ptext24                                            text24       005EC
__ptext25                                            text25       00603
__ptext26                                            text26       00577
__ptext27                                            text27       00409
__ptext28                                            text28       0062E
__ptext29                                            text29       00642
__ptext3                                             text3        000F9
__ptext30                                            text30       00634
__ptext32                                            text32       0060D
__ptext33                                            text33       005B6
__ptext34                                            text34       0064F
__ptext35                                            text35       00649
__ptext36                                            text36       005C5
__ptext37                                            text37       00650
__ptext38                                            text38       0064C
__ptext4                                             text4        0018B
__ptext5                                             text5        0039D
__ptext6                                             text6        00493
__ptext7                                             text7        0025C
__ptext8                                             text8        00598
__ptext9                                             text9        0063A
_dbuf                                                bssBANK1     000A0
_eusart2RxLastError                                  bssBANK0     00062
_flags                                               bssBANK0     00068
_fputc                                               text7        0025C
_fputs                                               text6        00493
_main                                                maintext     0003B
_pad                                                 text5        0039D
_prec                                                bssBANK0     0005C
_printf                                              text1        00588
_putch                                               text8        00598
_utoa                                                text4        0018B
_vfpfcnvrt                                           text3        000F9
_vfprintf                                            text2        004D7
_whichInterrupt                                      bssBANK0     00069
_width                                               bssBANK0     0005A
btemp                                                (abs)        0007E
clear_ram0                                           clrtext      00616
end_of_initialization                                cinit        00037
fputc@c                                              cstackCOMMON 00072
fputc@fp                                             cstackCOMMON 00074
fputs@c                                              cstackBANK0  00022
fputs@fp                                             cstackCOMMON 0007B
fputs@i                                              cstackBANK0  00023
fputs@s                                              cstackBANK0  00025
int$flags                                            (abs)        0007E
intlevel0                                            functab      00000
intlevel1                                            functab      00000
intlevel2                                            functab      00000
intlevel3                                            functab      00000
intlevel4                                            functab      00000
intlevel5                                            functab      00000
pad@buf                                              cstackBANK0  00028
pad@fp                                               cstackBANK0  00026
pad@i                                                cstackBANK0  0002B
pad@p                                                cstackBANK0  00029
pad@w                                                cstackBANK0  0002D
printf@ap                                            cstackBANK0  00054
printf@fmt                                           cstackBANK0  00050
putch@txData                                         cstackCOMMON 00071
reset_vec                                            reset_vec    00000
start                                                init         00025
start_initialization                                 cinit        00027
utoa@d                                               cstackBANK0  00031
utoa@fp                                              cstackBANK0  0002F
utoa@i                                               cstackBANK0  00038
utoa@p                                               cstackBANK0  00036
utoa@w                                               cstackBANK0  00034
vfpfcnvrt@ap                                         cstackBANK0  0003D
vfpfcnvrt@convarg                                    cstackBANK0  00042
vfpfcnvrt@cp                                         cstackBANK0  00046
vfpfcnvrt@fmt                                        cstackBANK0  0003C
vfpfcnvrt@fp                                         cstackBANK0  0003A
vfprintf@ap                                          cstackBANK0  0004C
vfprintf@cfmt                                        cstackBANK0  0004E
vfprintf@fmt                                         cstackBANK0  0004A
vfprintf@fp                                          cstackBANK0  00048
wtemp0                                               (abs)        0007E


MODULE INFORMATION

Module		Function		Class		Link	Load	Size
mcc_generated_files/adcc/src/adcc.c
		_ADCC_DefaultADTI_ISR		CODE           	0650	0000	1
		_ADCC_SetADTIInterruptHandler		CODE           	062E	0000	6
		_ADCC_GetConversionResult		CODE           	0634	0000	6
		_ADCC_ThresholdISR		CODE           	05C5	0000	15
		_ADCC_Initialize		CODE           	0409	0000	49

mcc_generated_files/adcc/src/adcc.c estimated size: 77

mcc_generated_files/system/src/watchdog.c
		_WDT_Initialize		CODE           	063E	0000	4

mcc_generated_files/system/src/watchdog.c estimated size: 4

C:\Program Files\Microchip\xc8\v2.41\pic\sources\c99\common\nf_fputc.c
		_fputc         		CODE           	025C	0000	93

C:\Program Files\Microchip\xc8\v2.41\pic\sources\c99\common\nf_fputc.c estimated size: 93

C:\Program Files\Microchip\xc8\v2.41\pic\sources\c99\common\lwdiv.c
		___lwdiv       		CODE           	0361	0000	60

C:\Program Files\Microchip\xc8\v2.41\pic\sources\c99\common\lwdiv.c estimated size: 60

mcc_generated_files/system/src/interrupt.c
		_INT_SetInterruptHandler		CODE           	0628	0000	6
		_INTERRUPT_Initialize		CODE           	05F8	0000	11
		_INTERRUPT_InterruptManager		CODE           	0004	0000	33

mcc_generated_files/system/src/interrupt.c estimated size: 50

mcc_generated_files/uart/src/eusart2.c
		_putch         		CODE           	0598	0000	15
		_EUSART2_IsTxDone		CODE           	0642	0000	4
		_EUSART2_Write 		CODE           	063A	0000	4
		_EUSART2_FramingErrorCallbackRegister		CODE           	05EC	0000	12
		_EUSART2_IsTxReady		CODE           	05A7	0000	15
		_EUSART2_OverrunErrorCallbackRegister		CODE           	05E0	0000	12
		_EUSART2_Initialize		CODE           	04F5	0000	28

mcc_generated_files/uart/src/eusart2.c estimated size: 90

C:\Program Files\Microchip\xc8\v2.41\pic\sources\c99\common\doprnt.c
		_vfpfcnvrt     		CODE           	00F9	0000	146
		_pad           		CODE           	039D	0000	56
		_vfprintf      		CODE           	04D7	0000	30
		_utoa          		CODE           	018B	0000	115

C:\Program Files\Microchip\xc8\v2.41\pic\sources\c99\common\doprnt.c estimated size: 347

mcc_generated_files/clc/src/clc1.c
		_CLC1_Initialize		CODE           	0577	0000	17

mcc_generated_files/clc/src/clc1.c estimated size: 17

mcc_generated_files/system/src/pins.c
		_PIN_MANAGER_Initialize		CODE           	02B9	0000	89
		_IO_RA0_SetInterruptHandler		CODE           	0622	0000	6
		_PIN_MANAGER_IOC		CODE           	060D	0000	9
		_IO_RA0_DefaultInterruptHandler		CODE           	064F	0000	1
		_IO_RA0_ISR    		CODE           	05B6	0000	15

mcc_generated_files/system/src/pins.c estimated size: 120

shared
		__initialization		CODE           	0027	0000	16
		_UART2         		STRCODE        	0000	0000	0
		_tmr2          		STRCODE        	0000	0000	0

shared estimated size: 16

C:\Program Files\Microchip\xc8\v2.41\pic\sources\c99\common\nf_fputs.c
		_fputs         		CODE           	0493	0000	38

C:\Program Files\Microchip\xc8\v2.41\pic\sources\c99\common\nf_fputs.c estimated size: 38

mcc_generated_files/timer/src/tmr2.c
		_TMR2_Initialize		CODE           	052A	0000	21
		_TMR2_Start    		CODE           	0646	0000	3
		_TMR2_OverflowCallbackRegister		CODE           	061C	0000	6

mcc_generated_files/timer/src/tmr2.c estimated size: 30

mcc_generated_files/system/src/clock.c
		_CLOCK_Initialize		CODE           	0603	0000	10

mcc_generated_files/system/src/clock.c estimated size: 10

main.c
		_main          		CODE           	003B	0000	190
		_ADT_Interrupt 		CODE           	064C	0000	3
		_IoC_Interrupt 		CODE           	0649	0000	3

main.c estimated size: 196

C:\Program Files\Microchip\xc8\v2.41\pic\sources\c99\common\printf.c
		_printf        		CODE           	0588	0000	16

C:\Program Files\Microchip\xc8\v2.41\pic\sources\c99\common\printf.c estimated size: 16

mcc_generated_files/system/src/system.c
		_SYSTEM_Initialize		CODE           	0511	0000	25

mcc_generated_files/system/src/system.c estimated size: 25

C:\Program Files\Microchip\xc8\v2.41\pic\sources\c99\common\lwmod.c
		___lwmod       		CODE           	03D5	0000	52

C:\Program Files\Microchip\xc8\v2.41\pic\sources\c99\common\lwmod.c estimated size: 52

